// Jest Snapshot v1, https://goo.gl/fbAQLP

exports[`render navbar component without error matches snapshot for new Header 1`] = `
<nav
  className="navbar"
>
  <a
    aria-current="page"
    className="link active"
    href="/"
    onClick={[Function]}
  >
    Math Magicians
  </a>
  <ul
    className="nav-items"
  >
    <li
      className="nav-item"
    >
      <a
        aria-current="page"
        className="link active"
        href="/"
        onClick={[Function]}
      >
        Home
      </a>
    </li>
    <li
      className="nav-item"
    >
      <a
        className="link"
        href="/Calculator"
        onClick={[Function]}
      >
        Calculator
      </a>
    </li>
    <li
      className="nav-item"
    >
      <a
        className="link"
        href="/Quote"
        onClick={[Function]}
      >
        Quote
      </a>
    </li>
  </ul>
</nav>
`;
